#thrid file 
